
  .   ____          _            __ _ _
 /\\ / ___'_ __ _ _(_)_ __  __ _ \ \ \ \
( ( )\___ | '_ | '_| | '_ \/ _` | \ \ \ \
 \\/  ___)| |_)| | | | | || (_| |  ) ) ) )
  '  |____| .__|_| |_|_| |_\__, | / / / /
 =========|_|==============|___/=/_/_/_/
 :: Spring Boot ::                (v3.2.5)

2026-07-24T21:16:41.739+05:30  INFO 16392 --- [id-platform] [           main] c.r.idplatform.IdPlatformApplication     : Starting IdPlatformApplication v1.0.0-SNAPSHOT using Java 17.0.19 with PID 16392 (C:\Users\shiva\Videos\assignment\id-platform-demo\id-platform\target\id-platform-1.0.0-SNAPSHOT.jar started by shiva in C:\Users\shiva\Videos\assignment)
2026-07-24T21:16:41.782+05:30 DEBUG 16392 --- [id-platform] [           main] c.r.idplatform.IdPlatformApplication     : Running with Spring Boot v3.2.5, Spring v6.1.6
2026-07-24T21:16:41.782+05:30  INFO 16392 --- [id-platform] [           main] c.r.idplatform.IdPlatformApplication     : No active profile set, falling back to 1 default profile: "default"
2026-07-24T21:16:42.857+05:30  INFO 16392 --- [id-platform] [           main] .s.d.r.c.RepositoryConfigurationDelegate : Bootstrapping Spring Data JPA repositories in DEFAULT mode.
2026-07-24T21:16:42.975+05:30  INFO 16392 --- [id-platform] [           main] .s.d.r.c.RepositoryConfigurationDelegate : Finished Spring Data repository scanning in 67 ms. Found 3 JPA repository interfaces.
2026-07-24T21:16:43.777+05:30  INFO 16392 --- [id-platform] [           main] o.s.b.w.embedded.tomcat.TomcatWebServer  : Tomcat initialized with port 3000 (http)
2026-07-24T21:16:43.795+05:30  INFO 16392 --- [id-platform] [           main] o.apache.catalina.core.StandardService   : Starting service [Tomcat]
2026-07-24T21:16:43.795+05:30  INFO 16392 --- [id-platform] [           main] o.apache.catalina.core.StandardEngine    : Starting Servlet engine: [Apache Tomcat/10.1.20]
2026-07-24T21:16:43.874+05:30  INFO 16392 --- [id-platform] [           main] o.a.c.c.C.[Tomcat].[localhost].[/]       : Initializing Spring embedded WebApplicationContext
2026-07-24T21:16:43.878+05:30  INFO 16392 --- [id-platform] [           main] w.s.c.ServletWebServerApplicationContext : Root WebApplicationContext: initialization completed in 1987 ms
2026-07-24T21:16:43.926+05:30  INFO 16392 --- [id-platform] [           main] com.zaxxer.hikari.HikariDataSource       : HikariPool-1 - Starting...
2026-07-24T21:16:44.317+05:30  INFO 16392 --- [id-platform] [           main] com.zaxxer.hikari.pool.HikariPool        : HikariPool-1 - Added connection conn0: url=jdbc:h2:file:./id_platform_db user=SA
2026-07-24T21:16:44.358+05:30  INFO 16392 --- [id-platform] [           main] com.zaxxer.hikari.HikariDataSource       : HikariPool-1 - Start completed.
2026-07-24T21:16:44.374+05:30  INFO 16392 --- [id-platform] [           main] o.s.b.a.h2.H2ConsoleAutoConfiguration    : H2 console available at '/h2-console'. Database available at 'jdbc:h2:file:./id_platform_db'
2026-07-24T21:16:44.505+05:30  INFO 16392 --- [id-platform] [           main] o.hibernate.jpa.internal.util.LogHelper  : HHH000204: Processing PersistenceUnitInfo [name: default]
2026-07-24T21:16:44.632+05:30  INFO 16392 --- [id-platform] [           main] org.hibernate.Version                    : HHH000412: Hibernate ORM core version 6.4.4.Final
2026-07-24T21:16:44.685+05:30  INFO 16392 --- [id-platform] [           main] o.h.c.internal.RegionFactoryInitiator    : HHH000026: Second-level cache disabled
2026-07-24T21:16:45.054+05:30  INFO 16392 --- [id-platform] [           main] o.s.o.j.p.SpringPersistenceUnitInfo      : No LoadTimeWeaver setup: ignoring JPA class transformer
2026-07-24T21:16:45.157+05:30  WARN 16392 --- [id-platform] [           main] org.hibernate.orm.deprecation            : HHH90000025: H2Dialect does not need to be specified explicitly using 'hibernate.dialect' (remove the property setting and it will be selected by default)
2026-07-24T21:16:46.121+05:30  INFO 16392 --- [id-platform] [           main] o.h.e.t.j.p.i.JtaPlatformInitiator       : HHH000489: No JTA platform available (set 'hibernate.transaction.jta.platform' to enable JTA platform integration)
2026-07-24T21:16:46.245+05:30  INFO 16392 --- [id-platform] [           main] j.LocalContainerEntityManagerFactoryBean : Initialized JPA EntityManagerFactory for persistence unit 'default'
2026-07-24T21:16:46.568+05:30  INFO 16392 --- [id-platform] [           main] o.s.d.j.r.query.QueryEnhancerFactory     : Hibernate is in classpath; If applicable, HQL parser will be used.
2026-07-24T21:16:47.161+05:30 DEBUG 16392 --- [id-platform] [           main] c.r.idplatform.security.ZeroTrustFilter  : Filter 'zeroTrustFilter' configured for use
2026-07-24T21:16:47.809+05:30  WARN 16392 --- [id-platform] [           main] JpaBaseConfiguration$JpaWebConfiguration : spring.jpa.open-in-view is enabled by default. Therefore, database queries may be performed during view rendering. Explicitly configure spring.jpa.open-in-view to disable this warning
2026-07-24T21:16:47.868+05:30  WARN 16392 --- [id-platform] [           main] .s.s.UserDetailsServiceAutoConfiguration : 

Using generated security password: bb1fc496-1d10-495b-a1aa-7255e52d3c69

This generated password is for development use only. Your security configuration must be updated before running your application in production.

2026-07-24T21:16:48.218+05:30  INFO 16392 --- [id-platform] [           main] o.s.s.web.DefaultSecurityFilterChain     : Will secure any request with [org.springframework.security.web.session.DisableEncodeUrlFilter@744d0cfb, org.springframework.security.web.context.request.async.WebAsyncManagerIntegrationFilter@7c943143, org.springframework.security.web.context.SecurityContextHolderFilter@45cd5c56, org.springframework.security.web.header.HeaderWriterFilter@f6e9c18, org.springframework.web.filter.CorsFilter@705e24fb, org.springframework.security.web.authentication.logout.LogoutFilter@6a4ba6f4, com.raksul.idplatform.security.ZeroTrustFilter@4d408746, org.springframework.security.web.savedrequest.RequestCacheAwareFilter@629fc74d, org.springframework.security.web.servletapi.SecurityContextHolderAwareRequestFilter@12dab9a8, org.springframework.security.web.authentication.AnonymousAuthenticationFilter@3c511385, org.springframework.security.web.session.SessionManagementFilter@3e1f6318, org.springframework.security.web.access.ExceptionTranslationFilter@55a7f0af, org.springframework.security.web.access.intercept.AuthorizationFilter@3787eac3]
2026-07-24T21:16:48.502+05:30  INFO 16392 --- [id-platform] [           main] o.s.b.w.embedded.tomcat.TomcatWebServer  : Tomcat started on port 3000 (http) with context path ''
2026-07-24T21:16:48.556+05:30  INFO 16392 --- [id-platform] [           main] c.r.idplatform.IdPlatformApplication     : Started IdPlatformApplication in 7.501 seconds (process running for 8.034)
